== https://www.twse.com.tw/rwd/zh/afterTrading/MI_INDEX?response=json&date=20261006&type=ALLBUT0999
HTTP 200, 247344 bytes, type=application/json;charset=UTF-8
keys=['tables', 'type', 'params', 'stat', 'date']
stat='OK'
date='20261006'
table[0] title='115年10月06日 價格指數(臺灣證券交易所)' date=None fields=['指數', '收盤指數', '漲跌(+/-)', '漲跌點數', '漲跌百分比(%)', '特殊處理註記'] rows=56
    ["寶島股價指數", "55,245.70", "<p style ='color:red'>+</p>", "99.74", "0.18", ""]
    ["發行量加權股價指數", "49,822.55", "<p style ='color:red'>+</p>", "110.51", "0.22", ""]
table[1] title='價格指數(跨市場)' date=None fields=['指數', '收盤指數', '漲跌(+/-)', '漲跌點數', '漲跌百分比(%)', '特殊處理註記'] rows=46
    ["臺灣生技指數", "4,121.23", "<p style ='color:green'>-</p>", "30.29", "-0.73", ""]
    ["臺灣中小型公司治理指數", "19,517.12", "<p style ='color:red'>+</p>", "95.91", "0.49", ""]
table[2] title='價格指數(臺灣指數公司)' date=None fields=['指數', '收盤指數', '漲跌(+/-)', '漲跌點數', '漲跌百分比(%)', '特殊處理註記'] rows=35
    ["金融類日報酬兩倍指數", "126,269.90", "<p style ='color:red'>+</p>", "3,170.09", "2.58", ""]
    ["金融類日報酬反向一倍指數", "1,937.12", "<p style ='color:green'>-</p>", "25.27", "-1.29", ""]
table[3] title='報酬指數(臺灣證券交易所)' date=None fields=['報酬指數', '收盤指數', '漲跌(+/-)', '漲跌點數', '漲跌百分比(%)', '特殊處理註記'] rows=47
    ["寶島股價報酬指數", "85,947.99", "<p style ='color:red'>+</p>", "155.24", "0.18", ""]
    ["發行量加權股價報酬指數", "115,208.19", "<p style ='color:red'>+</p>", "255.64", "0.22", ""]
table[4] title='報酬指數(跨市場)' date=None fields=['報酬指數', '收盤指數', '漲跌(+/-)', '漲跌點數', '漲跌百分比(%)', '特殊處理註記'] rows=47
    ["臺灣生技報酬指數", "4,846.49", "<p style ='color:green'>-</p>", "35.62", "-0.73", ""]
    ["臺灣中小型公司治理報酬指數", "29,202.78", "<p style ='color:red'>+</p>", "143.51", "0.49", ""]
table[5] title='報酬指數(臺灣指數公司)' date=None fields=['報酬指數', '收盤指數', '漲跌(+/-)', '漲跌點數', '漲跌百分比(%)', '特殊處理註記'] rows=34
    ["漲升股利150報酬指數", "36,883.24", "<p style ='color:green'>-</p>", "24.29", "-0.07", ""]
    ["藍籌30報酬指數", "43,259.42", "<p style ='color:green'>-</p>", "137.69", "-0.32", ""]
table[6] title='115年10月06日 大盤統計資訊' date=None fields=['成交統計', '成交金額(元)', '成交股數(股)', '成交筆數'] rows=17
    ["1.一般股票", "961,889,298,570", "4,664,694,508", "4,005,991"]
    ["2.台灣存託憑證", "210,531,964", "27,026,782", "5,108"]
table[7] title='漲跌證券數合計' date=None fields=['類型', '整體市場', '股票'] rows=5
    ["上漲(漲停)", "7,356(70)", "462(10)"]
    ["下跌(跌停)", "8,566(47)", "519(2)"]
table[8] title='115年10月06日 每日收盤行情(全部(不含權證、牛熊證、可展延牛熊證))' date=None fields=['證券代號', '證券名稱', '成交股數', '成交筆數', '成交金額', '開盤價', '最高價', '最低價', '收盤價', '漲跌(+/-)', '漲跌價差', '最後揭示買價', '最後揭示買量', '最後揭示賣價', '最後揭示賣量', '本益比'] rows=1381
    ["00400A", "主動國泰動能高息", "40,627,390", "8,753", "672,168,648", "16.60", "16.63", "16.40", "16.61", "<p style= color:red>+</p>", "0.09", "16.61", "134", "16.62", "151", "0.00"]
    ["00401A", "主動摩根台灣鑫收", "8,769,205", "1,282", "128,581,823", "14.72", "14.73", "14.60", "14.67", "<p style= color:red>+</p>", "0.01", "14.67", "44", "14.68", "26", "0.00"]
    ["0050", "元大台灣50", "70,945,715", "94,076", "8,238,226,818", "116.30", "116.60", "115.70", "116.50", "<p style= color:red>+</p>", "0.55", "116.45", "416", "116.50", "2,743", "0.00"]
    ["2330", "台積電", "20,801,802", "83,438", "53,639,152,613", "2,575.00", "2,590.00", "2,565.00", "2,585.00", "<p style= color:red>+</p>", "10.00", "2,580.00", "604", "2,585.00", "418", "29.96"]
table[9] title=None date=None fields=None rows=0
== https://www.twse.com.tw/rwd/zh/afterTrading/MI_INDEX?response=json&date=20261007&type=ALLBUT0999
HTTP 200, 246588 bytes, type=application/json;charset=UTF-8
keys=['tables', 'type', 'params', 'stat', 'date']
stat='OK'
date='20261007'
table[0] title='115年10月07日 價格指數(臺灣證券交易所)' date=None fields=['指數', '收盤指數', '漲跌(+/-)', '漲跌點數', '漲跌百分比(%)', '特殊處理註記'] rows=56
    ["寶島股價指數", "55,225.47", "<p style ='color:green'>-</p>", "20.23", "-0.04", ""]
    ["發行量加權股價指數", "49,806.37", "<p style ='color:green'>-</p>", "16.18", "-0.03", ""]
table[1] title='價格指數(跨市場)' date=None fields=['指數', '收盤指數', '漲跌(+/-)', '漲跌點數', '漲跌百分比(%)', '特殊處理註記'] rows=46
    ["臺灣生技指數", "4,143.58", "<p style ='color:red'>+</p>", "22.35", "0.54", ""]
    ["臺灣中小型公司治理指數", "19,520.21", "<p style ='color:red'>+</p>", "3.09", "0.02", ""]
table[2] title='價格指數(臺灣指數公司)' date=None fields=['指數', '收盤指數', '漲跌(+/-)', '漲跌點數', '漲跌百分比(%)', '特殊處理註記'] rows=35
    ["金融類日報酬兩倍指數", "128,848.15", "<p style ='color:red'>+</p>", "2,578.25", "2.04", ""]
    ["金融類日報酬反向一倍指數", "1,917.34", "<p style ='color:green'>-</p>", "19.78", "-1.02", ""]
table[3] title='報酬指數(臺灣證券交易所)' date=None fields=['報酬指數', '收盤指數', '漲跌(+/-)', '漲跌點數', '漲跌百分比(%)', '特殊處理註記'] rows=47
    ["寶島股價報酬指數", "85,916.63", "<p style ='color:green'>-</p>", "31.36", "-0.04", ""]
    ["發行量加權股價報酬指數", "115,170.92", "<p style ='color:green'>-</p>", "37.27", "-0.03", ""]
table[4] title='報酬指數(跨市場)' date=None fields=['報酬指數', '收盤指數', '漲跌(+/-)', '漲跌點數', '漲跌百分比(%)', '特殊處理註記'] rows=47
    ["臺灣生技報酬指數", "4,872.77", "<p style ='color:red'>+</p>", "26.28", "0.54", ""]
    ["臺灣中小型公司治理報酬指數", "29,207.40", "<p style ='color:red'>+</p>", "4.62", "0.02", ""]
table[5] title='報酬指數(臺灣指數公司)' date=None fields=['報酬指數', '收盤指數', '漲跌(+/-)', '漲跌點數', '漲跌百分比(%)', '特殊處理註記'] rows=34
    ["漲升股利150報酬指數", "36,921.98", "<p style ='color:red'>+</p>", "38.74", "0.11", ""]
    ["藍籌30報酬指數", "42,847.37", "<p style ='color:green'>-</p>", "412.05", "-0.95", ""]
table[6] title='115年10月07日 大盤統計資訊' date=None fields=['成交統計', '成交金額(元)', '成交股數(股)', '成交筆數'] rows=17
    ["1.一般股票", "924,469,284,054", "4,535,449,847", "4,021,693"]
    ["2.台灣存託憑證", "457,000,974", "54,237,957", "11,041"]
table[7] title='漲跌證券數合計' date=None fields=['類型', '整體市場', '股票'] rows=5
    ["上漲(漲停)", "7,322(117)", "588(12)"]
    ["下跌(跌停)", "7,537(74)", "387(4)"]
table[8] title='115年10月07日 每日收盤行情(全部(不含權證、牛熊證、可展延牛熊證))' date=None fields=['證券代號', '證券名稱', '成交股數', '成交筆數', '成交金額', '開盤價', '最高價', '最低價', '收盤價', '漲跌(+/-)', '漲跌價差', '最後揭示買價', '最後揭示買量', '最後揭示賣價', '最後揭示賣量', '本益比'] rows=1380
    ["00400A", "主動國泰動能高息", "65,642,556", "17,068", "1,084,672,563", "16.57", "16.68", "16.43", "16.47", "<p style= color:green>-</p>", "0.14", "16.46", "170", "16.47", "61", "0.00"]
    ["00401A", "主動摩根台灣鑫收", "5,013,388", "1,199", "73,495,958", "14.70", "14.74", "14.62", "14.62", "<p style= color:green>-</p>", "0.05", "14.62", "70", "14.63", "2", "0.00"]
    ["0050", "元大台灣50", "61,571,679", "98,470", "7,158,411,747", "116.15", "116.55", "115.95", "116.05", "<p style= color:green>-</p>", "0.45", "116.05", "483", "116.10", "117", "0.00"]
    ["2330", "台積電", "16,941,183", "70,880", "43,643,595,922", "2,565.00", "2,585.00", "2,560.00", "2,585.00", "<p> </p>", "0.00", "2,580.00", "18", "2,585.00", "494", "29.96"]
table[9] title=None date=None fields=None rows=0
== https://www.twse.com.tw/rwd/zh/afterTrading/MI_INDEX?response=json&date=20260911&type=ALLBUT0999
HTTP 200, 249097 bytes, type=application/json;charset=UTF-8
keys=['tables', 'type', 'params', 'stat', 'date']
stat='OK'
date='20260911'
table[0] title='115年09月11日 價格指數(臺灣證券交易所)' date=None fields=['指數', '收盤指數', '漲跌(+/-)', '漲跌點數', '漲跌百分比(%)', '特殊處理註記'] rows=56
    ["寶島股價指數", "51,178.86", "<p style ='color:green'>-</p>", "865.63", "-1.66", ""]
    ["發行量加權股價指數", "46,184.85", "<p style ='color:green'>-</p>", "755.64", "-1.61", ""]
table[1] title='價格指數(跨市場)' date=None fields=['指數', '收盤指數', '漲跌(+/-)', '漲跌點數', '漲跌百分比(%)', '特殊處理註記'] rows=48
    ["臺灣生技指數", "4,129.24", "<p style ='color:green'>-</p>", "129.27", "-3.04", ""]
    ["臺灣中小型公司治理指數", "18,874.76", "<p style ='color:green'>-</p>", "106.98", "-0.56", ""]
table[2] title='價格指數(臺灣指數公司)' date=None fields=['指數', '收盤指數', '漲跌(+/-)', '漲跌點數', '漲跌百分比(%)', '特殊處理註記'] rows=37
    ["金融類日報酬兩倍指數", "126,164.70", "<p style ='color:red'>+</p>", "2,770.23", "2.25", ""]
    ["金融類日報酬反向一倍指數", "1,941.75", "<p style ='color:green'>-</p>", "22.04", "-1.12", ""]
table[3] title='報酬指數(臺灣證券交易所)' date=None fields=['報酬指數', '收盤指數', '漲跌(+/-)', '漲跌點數', '漲跌百分比(%)', '特殊處理註記'] rows=47
    ["寶島股價報酬指數", "79,519.10", "<p style ='color:green'>-</p>", "1,344.95", "-1.66", ""]
    ["發行量加權股價報酬指數", "106,654.71", "<p style ='color:green'>-</p>", "1,744.99", "-1.61", ""]
table[4] title='報酬指數(跨市場)' date=None fields=['報酬指數', '收盤指數', '漲跌(+/-)', '漲跌點數', '漲跌百分比(%)', '特殊處理註記'] rows=49
    ["臺灣生技報酬指數", "4,855.91", "<p style ='color:green'>-</p>", "152.02", "-3.04", ""]
    ["臺灣中小型公司治理報酬指數", "28,241.63", "<p style ='color:green'>-</p>", "160.07", "-0.56", ""]
table[5] title='報酬指數(臺灣指數公司)' date=None fields=['報酬指數', '收盤指數', '漲跌(+/-)', '漲跌點數', '漲跌百分比(%)', '特殊處理註記'] rows=36
    ["漲升股利150報酬指數", "33,931.53", "<p style ='color:green'>-</p>", "649.75", "-1.88", ""]
    ["藍籌30報酬指數", "39,436.43", "<p style ='color:green'>-</p>", "790.51", "-1.97", ""]
table[6] title='115年09月11日 大盤統計資訊' date=None fields=['成交統計', '成交金額(元)', '成交股數(股)', '成交筆數'] rows=17
    ["1.一般股票", "682,093,807,088", "3,956,684,542", "3,389,754"]
    ["2.台灣存託憑證", "148,295,257", "17,645,485", "3,983"]
table[7] title='漲跌證券數合計' date=None fields=['類型', '整體市場', '股票'] rows=5
    ["上漲(漲停)", "2,512(13)", "229(8)"]
    ["下跌(跌停)", "10,346(60)", "779(7)"]
table[8] title='115年09月11日 每日收盤行情(全部(不含權證、牛熊證、可展延牛熊證))' date=None fields=['證券代號', '證券名稱', '成交股數', '成交筆數', '成交金額', '開盤價', '最高價', '最低價', '收盤價', '漲跌(+/-)', '漲跌價差', '最後揭示買價', '最後揭示買量', '最後揭示賣價', '最後揭示賣量', '本益比'] rows=1379
    ["00400A", "主動國泰動能高息", "39,736,424", "13,299", "585,390,297", "14.75", "14.82", "14.65", "14.80", "<p style= color:green>-</p>", "0.21", "14.79", "45", "14.80", "17", "0.00"]
    ["00401A", "主動摩根台灣鑫收", "11,514,410", "2,371", "161,740,454", "14.14", "14.14", "13.99", "14.07", "<p style= color:green>-</p>", "0.16", "14.06", "75", "14.07", "841", "0.00"]
    ["0050", "元大台灣50", "102,009,319", "199,135", "10,950,660,941", "107.40", "108.00", "106.90", "107.70", "<p style= color:green>-</p>", "1.45", "107.65", "216", "107.70", "483", "0.00"]
    ["2330", "台積電", "21,131,357", "164,402", "51,050,141,409", "2,430.00", "2,430.00", "2,405.00", "2,410.00", "<p style= color:green>-</p>", "40.00", "2,410.00", "1,078", "2,415.00", "91", "27.94"]
table[9] title=None date=None fields=None rows=0
== https://www.twse.com.tw/rwd/zh/afterTrading/MI_INDEX?response=json&date=20261004&type=ALLBUT0999
HTTP 200, 71 bytes, type=application/json;charset=UTF-8
keys=['stat', 'type']
stat='很抱歉，沒有符合條件的資料!'
== https://www.twse.com.tw/rwd/zh/afterTrading/MI_INDEX?response=json&date=20260715&type=ALLBUT0999
HTTP 200, 245663 bytes, type=application/json;charset=UTF-8
keys=['tables', 'type', 'params', 'stat', 'date']
stat='OK'
date='20260715'
table[0] title='115年07月15日 價格指數(臺灣證券交易所)' date=None fields=['指數', '收盤指數', '漲跌(+/-)', '漲跌點數', '漲跌百分比(%)', '特殊處理註記'] rows=56
    ["寶島股價指數", "50,788.42", "<p style ='color:red'>+</p>", "1,001.93", "2.01", ""]
    ["發行量加權股價指數", "45,631.59", "<p style ='color:red'>+</p>", "893.64", "2.00", ""]
table[1] title='價格指數(跨市場)' date=None fields=['指數', '收盤指數', '漲跌(+/-)', '漲跌點數', '漲跌百分比(%)', '特殊處理註記'] rows=47
    ["臺灣生技指數", "4,381.51", "<p style ='color:red'>+</p>", "209.73", "5.03", ""]
    ["臺灣中小型公司治理指數", "19,819.28", "<p style ='color:red'>+</p>", "152.36", "0.77", ""]
table[2] title='價格指數(臺灣指數公司)' date=None fields=['指數', '收盤指數', '漲跌(+/-)', '漲跌點數', '漲跌百分比(%)', '特殊處理註記'] rows=35
    ["金融類日報酬兩倍指數", "97,129.30", "<p style ='color:red'>+</p>", "725.44", "0.75", ""]
    ["金融類日報酬反向一倍指數", "2,239.00", "<p style ='color:green'>-</p>", "8.46", "-0.38", ""]
table[3] title='報酬指數(臺灣證券交易所)' date=None fields=['報酬指數', '收盤指數', '漲跌(+/-)', '漲跌點數', '漲跌百分比(%)', '特殊處理註記'] rows=47
    ["寶島股價報酬指數", "78,596.77", "<p style ='color:red'>+</p>", "1,560.16", "2.03", ""]
    ["發行量加權股價報酬指數", "104,970.69", "<p style ='color:red'>+</p>", "2,067.97", "2.01", ""]
table[4] title='報酬指數(跨市場)' date=None fields=['報酬指數', '收盤指數', '漲跌(+/-)', '漲跌點數', '漲跌百分比(%)', '特殊處理註記'] rows=48
    ["臺灣生技報酬指數", "5,117.07", "<p style ='color:red'>+</p>", "244.94", "5.03", ""]
    ["臺灣中小型公司治理報酬指數", "29,306.89", "<p style ='color:red'>+</p>", "283.33", "0.98", ""]
table[5] title='報酬指數(臺灣指數公司)' date=None fields=['報酬指數', '收盤指數', '漲跌(+/-)', '漲跌點數', '漲跌百分比(%)', '特殊處理註記'] rows=34
    ["漲升股利150報酬指數", "33,520.70", "<p style ='color:red'>+</p>", "909.68", "2.79", ""]
    ["藍籌30報酬指數", "37,501.95", "<p style ='color:red'>+</p>", "825.00", "2.25", ""]
table[6] title='115年07月15日 大盤統計資訊' date=None fields=['成交統計', '成交金額(元)', '成交股數(股)', '成交筆數'] rows=17
    ["1.一般股票", "955,362,558,686", "5,414,506,812", "3,649,686"]
    ["2.台灣存託憑證", "222,962,816", "25,815,534", "6,528"]
table[7] title='漲跌證券數合計' date=None fields=['類型', '整體市場', '股票'] rows=5
    ["上漲(漲停)", "9,254(412)", "893(36)"]
    ["下跌(跌停)", "2,130(143)", "125(0)"]
table[8] title='115年07月15日 每日收盤行情(全部(不含權證、牛熊證、可展延牛熊證))' date=None fields=['證券代號', '證券名稱', '成交股數', '成交筆數', '成交金額', '開盤價', '最高價', '最低價', '收盤價', '漲跌(+/-)', '漲跌價差', '最後揭示買價', '最後揭示買量', '最後揭示賣價', '最後揭示賣量', '本益比'] rows=1370
    ["00400A", "主動國泰動能高息", "27,997,711", "5,557", "393,014,009", "13.90", "14.16", "13.80", "14.15", "<p style= color:red>+</p>", "0.44", "14.14", "522", "14.15", "149", "0.00"]
    ["00401A", "主動摩根台灣鑫收", "3,729,744", "512", "49,613,192", "13.20", "13.38", "13.18", "13.36", "<p style= color:red>+</p>", "0.31", "13.35", "165", "13.36", "116", "0.00"]
    ["0050", "元大台灣50", "110,911,495", "86,260", "11,736,286,480", "105.30", "106.45", "104.65", "106.30", "<p style= color:red>+</p>", "1.90", "106.25", "96", "106.30", "107", "0.00"]
    ["2330", "台積電", "33,665,566", "79,059", "82,213,791,038", "2,425.00", "2,460.00", "2,415.00", "2,440.00", "<p style= color:red>+</p>", "20.00", "2,435.00", "1,136", "2,440.00", "7", "32.80"]
table[9] title=None date=None fields=None rows=0
== https://www.tpex.org.tw/web/stock/aftertrading/otc_quotes_no1430/stk_wn1430_result.php?l=zh-tw&o=json&d=115/10/06&se=EW
HTTP 200, 146663 bytes, type=application/json;charset=UTF-8
keys=['tables', 'date', 'flagField', 'stat']
stat='ok'
date='20261006'
table[0] title='上櫃股票每日收盤行情(不含定價)' date='115/10/06' fields=['代號', '名稱', '收盤 ', '漲跌', '開盤 ', '最高 ', '最低', '成交股數  ', ' 成交金額(元)', ' 成交筆數 ', '最後買價', '最後買量<br>(張數)', '最後賣價', '最後賣量<br>(張數)', '發行股數 ', '次日漲停價 ', '次日跌停價'] rows=1013
    ["00411A", "主動統一前沿科技", "11.05", "+0.11", "11.01", "11.07", "11.00", "11,010,000", "121,420,970", "1,521", "11.05", "627", "11.06", "2", "413,576,000", "9,999.95", "0.01"]
    ["00679B", "元大美債20年", "24.33", "-0.17", "24.37", "24.37", "24.29", "28,931,000", "703,547,420", "5,878", "24.32", "564", "24.33", "508", "6,229,692,000", "9,999.95", "0.01"]
    ["00679B", "元大美債20年", "24.33", "-0.17", "24.37", "24.37", "24.29", "28,931,000", "703,547,420", "5,878", "24.32", "564", "24.33", "508", "6,229,692,000", "9,999.95", "0.01"]
    ["6488", "環球晶", "1,205.00", "+25.00", "1,175.00", "1,260.00", "1,145.00", "13,422,000", "16,240,995,000", "10,578", "1,200.00", "177", "1,205.00", "29", "528,113,725", "1,325.00", "1,085.00"]
    ["8069", "元太", "149.00", "+2.50", "147.00", "151.50", "145.00", "10,645,000", "1,585,332,000", "5,258", "149.00", "320", "149.50", "45", "1,155,000,505", "163.50", "134.50"]
== https://www.tpex.org.tw/web/stock/aftertrading/otc_quotes_no1430/stk_wn1430_result.php?l=zh-tw&o=json&d=115/09/11&se=EW
HTTP 200, 145941 bytes, type=application/json;charset=UTF-8
keys=['tables', 'date', 'flagField', 'stat']
stat='ok'
date='20260911'
table[0] title='上櫃股票每日收盤行情(不含定價)' date='115/09/11' fields=['代號', '名稱', '收盤 ', '漲跌', '開盤 ', '最高 ', '最低', '成交股數  ', ' 成交金額(元)', ' 成交筆數 ', '最後買價', '最後買量<br>(張數)', '最後賣價', '最後賣量<br>(張數)', '發行股數 ', '次日漲停價 ', '次日跌停價'] rows=1012
    ["00411A", "主動統一前沿科技", "9.72", "-0.17", "9.77", "9.77", "9.70", "11,598,000", "112,665,930", "1,260", "9.72", "147", "9.73", "1,542", "585,576,000", "9,999.95", "0.01"]
    ["00679B", "元大美債20年", "25.26", "-0.17", "25.22", "25.26", "25.20", "20,309,000", "512,133,530", "3,633", "25.25", "48", "25.26", "501", "6,200,692,000", "9,999.95", "0.01"]
    ["00679B", "元大美債20年", "25.26", "-0.17", "25.22", "25.26", "25.20", "20,309,000", "512,133,530", "3,633", "25.25", "48", "25.26", "501", "6,200,692,000", "9,999.95", "0.01"]
    ["6488", "環球晶", "902.00", "-15.00", "887.00", "912.00", "882.00", "4,372,000", "3,923,854,000", "3,616", "901.00", "25", "902.00", "16", "478,113,725", "992.00", "812.00"]
    ["8069", "元太", "146.00", "-1.00", "145.00", "148.00", "144.00", "3,445,000", "504,436,000", "2,106", "146.00", "68", "146.50", "31", "1,154,695,380", "160.50", "131.50"]
== https://www.tpex.org.tw/web/stock/aftertrading/otc_quotes_no1430/stk_wn1430_result.php?l=zh-tw&o=json&d=115/10/04&se=EW
HTTP 200, 665 bytes, type=application/json;charset=UTF-8
keys=['tables', 'date', 'flagField', 'stat']
stat='ok'
date='20261004'
table[0] title='上櫃股票每日收盤行情(不含定價)' date='115/10/04' fields=['代號', '名稱', '收盤 ', '漲跌', '開盤 ', '最高 ', '最低', '成交股數  ', ' 成交金額(元)', ' 成交筆數 ', '最後買價', '最後買量<br>(張數)', '最後賣價', '最後賣量<br>(張數)', '發行股數 ', '次日漲停價 ', '次日跌停價'] rows=0
== https://www.tpex.org.tw/www/zh-tw/afterTrading/otc?date=2026/10/06&type=EW&response=json
HTTP 200, 146663 bytes, type=application/json;charset=UTF-8
keys=['tables', 'date', 'flagField', 'stat']
stat='ok'
date='20261006'
table[0] title='上櫃股票每日收盤行情(不含定價)' date='115/10/06' fields=['代號', '名稱', '收盤 ', '漲跌', '開盤 ', '最高 ', '最低', '成交股數  ', ' 成交金額(元)', ' 成交筆數 ', '最後買價', '最後買量<br>(張數)', '最後賣價', '最後賣量<br>(張數)', '發行股數 ', '次日漲停價 ', '次日跌停價'] rows=1013
    ["00411A", "主動統一前沿科技", "11.05", "+0.11", "11.01", "11.07", "11.00", "11,010,000", "121,420,970", "1,521", "11.05", "627", "11.06", "2", "413,576,000", "9,999.95", "0.01"]
    ["00679B", "元大美債20年", "24.33", "-0.17", "24.37", "24.37", "24.29", "28,931,000", "703,547,420", "5,878", "24.32", "564", "24.33", "508", "6,229,692,000", "9,999.95", "0.01"]
    ["00679B", "元大美債20年", "24.33", "-0.17", "24.37", "24.37", "24.29", "28,931,000", "703,547,420", "5,878", "24.32", "564", "24.33", "508", "6,229,692,000", "9,999.95", "0.01"]
    ["6488", "環球晶", "1,205.00", "+25.00", "1,175.00", "1,260.00", "1,145.00", "13,422,000", "16,240,995,000", "10,578", "1,200.00", "177", "1,205.00", "29", "528,113,725", "1,325.00", "1,085.00"]
    ["8069", "元太", "149.00", "+2.50", "147.00", "151.50", "145.00", "10,645,000", "1,585,332,000", "5,258", "149.00", "320", "149.50", "45", "1,155,000,505", "163.50", "134.50"]
== https://www.tpex.org.tw/www/zh-tw/afterTrading/otc?date=2026/10/04&type=EW&response=json
HTTP 200, 665 bytes, type=application/json;charset=UTF-8
keys=['tables', 'date', 'flagField', 'stat']
stat='ok'
date='20261004'
table[0] title='上櫃股票每日收盤行情(不含定價)' date='115/10/04' fields=['代號', '名稱', '收盤 ', '漲跌', '開盤 ', '最高 ', '最低', '成交股數  ', ' 成交金額(元)', ' 成交筆數 ', '最後買價', '最後買量<br>(張數)', '最後賣價', '最後賣量<br>(張數)', '發行股數 ', '次日漲停價 ', '次日跌停價'] rows=0
== https://openapi.twse.com.tw/v1/opendata/t187ap03_L
HTTP 200, 1327571 bytes, type=application/json
list len=1095
    {"出表日期": "1151006", "公司代號": "1101", "公司名稱": "臺灣水泥股份有限公司", "公司簡稱": "台泥", "外國企業註冊地國": "－ ", "產業別": "01", "住址": "台北市中山北路2段113號", "營利事業統一編號": "11913502", "董事長": "張安平", "總經理": "程耀輝", "發言人": "葉毓君", "發言人職稱": "永續長", "代理發言人": "賴家柔", "總機電話": "(02)2531-7099", "成立日期": "19501229", "上市日期": "19620209", "普通股每股面額": "新台幣                 10.0000元", "實收資本額": "77231817420", "私募股數": "0", "特別股": "200000000", "編制財務報表類型": "1", "股票過戶機構": "中國信託商業銀行代理部", "過戶電話": "66365566", "過戶地址": "台北市重慶南路一段83號5樓", "簽證會計師事務所": "勤業眾信聯合會計師事務所", "簽證會計師1": "翁雅玲", "簽證會計師2": "邵志明", "英文簡稱": "TCC", "英文通訊地址": "No.113, Sec.2, Zhongshan N. Rd.,Taipei City 104,Taiwan (R.O.C.)", "傳真機號碼": "(02)2531-6529", "電子郵件信箱": "finance@taiwancement.com", "網址": "https://www.tccgroupholdings.com/tw/", "已發行普通股數或TDR原股發行股數": "7523181742"}
    {"出表日期": "1151006", "公司代號": "1102", "公司名稱": "亞洲水泥股份有限公司", "公司簡稱": "亞泥", "外國企業註冊地國": "－ ", "產業別": "01", "住址": "台北市大安區敦化南路2段207號30、31樓", "營利事業統一編號": "03244509", "董事長": "徐旭東", "總經理": "李坤炎", "發言人": "王照宇", "發言人職稱": "協理", "代理發言人": "楊淯玲", "總機電話": "02-2733-8000", "成立日期": "19570321", "上市日期": "19620608", "普通股每股面額": "新台幣                 10.0000元", "實收資本額": "35465628810", "私募股數": "0", "特別股": "0", "編制財務報表類型": "1", "股票過戶機構": "亞東證券股份有限公司", "過戶電話": "02-7753-1699", "過戶地址": "新北市板橋區新站路16號13樓", "簽證會計師事務所": "勤業眾信聯合會計師事務所", "簽證會計師1": "劉紋伶", "簽證會計師2": "陳培德", "英文簡稱": "ACC", "英文通訊地址": "30-31F., No.207, Sec. 2, Dunhua S. Rd., Da' an Dist., Taipei City 106, TaiwanTAIPEI,TAIWAN,R.O.C", "傳真機號碼": "02-2736-6263", "電子郵件信箱": "service@acc.com.tw", "網址": "www.acc.com.tw", "已發行普通股數或TDR原股發行股數": "3546562881"}
    產業別 values=['01', '02', '03', '04', '05', '06', '08', '09', '10', '11', '12', '14', '15', '16', '17', '18', '20', '21', '22', '23', '24', '25', '26', '27', '28', '29', '30', '31', '35', '36', '37', '38', '91']
== https://www.tpex.org.tw/openapi/v1/mopsfin_t187ap03_O
HTTP 200, 1074414 bytes, type=application/json
list len=893
    {"Date": "1151007", "SecuritiesCompanyCode": "1240", "CompanyName": "茂生農經股份有限公司", "CompanyAbbreviation": "茂生農經", "Registration": "－ ", "SecuritiesIndustryCode": "33", "Address": "2F.,No.30,Sec. 1,Heping W.Rd.,Zhongzheng Dist.,Taipei City 100028TAIPEI,TAIWAN(R.O.C)", "UnifiedBusinessNo.": "18795706", "Chairman": "吳清德", "GeneralManager": "吳清德", "Spokesman": "林信鴻", "TitleOfSpokesman": "公司治理主管", "DeputySpokesperson": "邱紹齊", "Telephone": "02-23671162", "DateOfIncorporation": "19670218", "DateOfListing": "20180808", "ParValueOfCommonStock": "新台幣                 10.0000元", "Paidin.Capital.NTDollars": "464439920", "PrivateStock.shares": "0", "PreferredStock.shares": "0", "PreparationOfFinancialReportType": "1", "StockTransferAgent": "元大證券股份有限公司股務代理部", "StockTransferAgentTelephone": "02-2586-5859", "StockTransferAgentAddress": "106045台北市大安區敦化南路二段67號地下1樓", "AccountingFirm": "勤業眾信聯合會計師事務所", "CPA.CharteredPublicAccountant.First": "陳重成", "CPA.CharteredPublicAccountant.Second": "洪偉倫", "Symbol": "MORNSUN　", "Fax": "02-23640694", "EmailAddress": "bedford@morn-sun.com.tw", "WebAddress": "https://www.morn-sun.com.tw/　", "IssueShares": "46443992"}
    {"Date": "1151007", "SecuritiesCompanyCode": "1259", "CompanyName": "安心食品服務股份有限公司", "CompanyAbbreviation": "安心", "Registration": "－ ", "SecuritiesIndustryCode": "16", "Address": "16 F.-3, No. 66, Jingmao 2nd Rd., Nangang Dist., Taipei CityTaipei City 115605, Taiwan (R.O.C.)", "UnifiedBusinessNo.": "23928945", "Chairman": "黃茂雄", "GeneralManager": "謝靜慧", "Spokesman": "高順興", "TitleOfSpokesman": "副董事長", "DeputySpokesperson": "卓世賢", "Telephone": "(02)2567-5001", "DateOfIncorporation": "19901123", "DateOfListing": "20111215", "ParValueOfCommonStock": "新台幣                 10.0000元", "Paidin.Capital.NTDollars": "323895000", "PrivateStock.shares": "0", "PreferredStock.shares": "0", "PreparationOfFinancialReportType": "1", "StockTransferAgent": "群益金鼎證券(股)公司股務代理部", "StockTransferAgentTelephone": "(02)27023999", "StockTransferAgentAddress": "(106)台北市大安區敦化南路二段97號B2", "AccountingFirm": "資誠聯合會計師事務所", "CPA.CharteredPublicAccountant.First": "徐明釧", "CPA.CharteredPublicAccountant.Second": "陳怡婷", "Symbol": "AN-SHIN", "Fax": "(02)2567-5002", "EmailAddress": "ir@mos.com.tw", "WebAddress": "http://www.mos.com.tw", "IssueShares": "32389500"}
    SecuritiesIndustryCode values=['02', '03', '04', '05', '06', '10', '14', '15', '16', '17', '20', '21', '22', '23', '24', '25', '26', '27', '28', '29', '30', '31', '32', '33', '35', '36', '37', '38']
