2026-10-07T22:46:17+08:00
OK    2026-10-07  上市 1317 檔、上櫃 988 檔，第一名 國巨*
OK    2026-10-06  上市 1324 檔、上櫃 982 檔，第一名 台積電
OK    2026-10-05  上市 1325 檔、上櫃 988 檔，第一名 台積電
OK    2026-10-02  上市 1323 檔、上櫃 986 檔，第一名 國巨*
OK    2026-10-01  上市 1321 檔、上櫃 982 檔，第一名 台積電
OK    2026-09-30  上市 1323 檔、上櫃 995 檔，第一名 台積電
OK    2026-09-29  上市 1322 檔、上櫃 986 檔，第一名 聯發科
----  2026-09-28  休市
----  2026-09-25  休市
OK    2026-09-24  上市 1317 檔、上櫃 988 檔，第一名 景碩
OK    2026-09-23  上市 1318 檔、上櫃 986 檔，第一名 台積電
OK    2026-09-22  上市 1323 檔、上櫃 989 檔，第一名 聯發科
OK    2026-09-21  上市 1321 檔、上櫃 992 檔，第一名 聯發科
OK    2026-09-18  上市 1319 檔、上櫃 985 檔，第一名 台積電
OK    2026-09-17  上市 1318 檔、上櫃 986 檔，第一名 台積電
OK    2026-09-16  上市 1313 檔、上櫃 992 檔，第一名 台積電
OK    2026-09-15  上市 1318 檔、上櫃 987 檔，第一名 台積電
OK    2026-09-14  上市 1316 檔、上櫃 983 檔，第一名 台積電
OK    2026-09-11  上市 1322 檔、上櫃 980 檔，第一名 台積電
OK    2026-09-10  上市 1317 檔、上櫃 978 檔，第一名 台積電
OK    2026-09-09  上市 1324 檔、上櫃 985 檔，第一名 台積電
OK    2026-09-08  上市 1318 檔、上櫃 985 檔，第一名 台積電
OK    2026-09-07  上市 1322 檔、上櫃 993 檔，第一名 聯發科
OK    2026-09-04  上市 1321 檔、上櫃 980 檔，第一名 聯發科
OK    2026-09-03  上市 1314 檔、上櫃 982 檔，第一名 南亞科
OK    2026-09-02  上市 1322 檔、上櫃 976 檔，第一名 聯發科
OK    2026-09-01  上市 1316 檔、上櫃 984 檔，第一名 欣興
OK    2026-08-31  上市 1317 檔、上櫃 977 檔，第一名 南亞科
OK    2026-08-28  上市 1315 檔、上櫃 991 檔，第一名 國巨*
OK    2026-08-27  上市 1318 檔、上櫃 986 檔，第一名 南亞科
OK    2026-08-26  上市 1318 檔、上櫃 990 檔，第一名 台積電
OK    2026-08-25  上市 1317 檔、上櫃 975 檔，第一名 南亞科
OK    2026-08-24  上市 1318 檔、上櫃 977 檔，第一名 南亞科
OK    2026-08-21  上市 1312 檔、上櫃 992 檔，第一名 台積電
OK    2026-08-20  上市 1316 檔、上櫃 984 檔，第一名 聯發科
OK    2026-08-19  上市 1317 檔、上櫃 979 檔，第一名 台積電
OK    2026-08-18  上市 1316 檔、上櫃 980 檔，第一名 台積電
OK    2026-08-17  上市 1319 檔、上櫃 989 檔，第一名 欣興
OK    2026-08-14  上市 1319 檔、上櫃 985 檔，第一名 南亞科
OK    2026-08-13  上市 1320 檔、上櫃 993 檔，第一名 南亞科
OK    2026-08-12  上市 1319 檔、上櫃 987 檔，第一名 台積電
OK    2026-08-11  上市 1318 檔、上櫃 990 檔，第一名 南亞科
OK    2026-08-10  上市 1317 檔、上櫃 991 檔，第一名 台積電
OK    2026-08-07  上市 1314 檔、上櫃 979 檔，第一名 台積電
OK    2026-08-06  上市 1319 檔、上櫃 982 檔，第一名 台積電
OK    2026-08-05  上市 1313 檔、上櫃 988 檔，第一名 台積電
OK    2026-08-04  上市 1317 檔、上櫃 976 檔，第一名 台積電
OK    2026-08-03  上市 1317 檔、上櫃 975 檔，第一名 台積電
OK    2026-07-31  上市 1315 檔、上櫃 992 檔，第一名 台積電
OK    2026-07-30  上市 1313 檔、上櫃 978 檔，第一名 台積電
OK    2026-07-29  上市 1313 檔、上櫃 991 檔，第一名 台積電
OK    2026-07-28  上市 1313 檔、上櫃 981 檔，第一名 台積電
OK    2026-07-27  上市 1314 檔、上櫃 970 檔，第一名 台積電
OK    2026-07-24  上市 1313 檔、上櫃 977 檔，第一名 台積電
OK    2026-07-23  上市 1309 檔、上櫃 981 檔，第一名 台積電
OK    2026-07-22  上市 1316 檔、上櫃 990 檔，第一名 台積電
OK    2026-07-21  上市 1309 檔、上櫃 988 檔，第一名 台積電
OK    2026-07-20  上市 1310 檔、上櫃 989 檔，第一名 台積電
OK    2026-07-17  上市 1312 檔、上櫃 990 檔，第一名 台積電
OK    2026-07-16  上市 1312 檔、上櫃 984 檔，第一名 台積電
OK    2026-07-15  上市 1313 檔、上櫃 988 檔，第一名 台積電
OK    2026-07-14  上市 1311 檔、上櫃 985 檔，第一名 台積電
OK    2026-07-13  上市 1308 檔、上櫃 992 檔，第一名 台積電
----  2026-07-10  休市
OK    2026-07-09  上市 1313 檔、上櫃 988 檔，第一名 台積電
OK    2026-07-08  上市 1311 檔、上櫃 988 檔，第一名 國巨*
OK    2026-07-07  上市 1310 檔、上櫃 990 檔，第一名 台積電
OK    2026-07-06  上市 1309 檔、上櫃 997 檔，第一名 台積電
回補完成：新增 65 天，全市場存檔共 65 天，歷史排行共 60 天
