2026-10-08T10:20:13+08:00
      2026-09-07 沒有資料，判定休市
OK    2026-10-06  6333 檔，第一名 NVDA NVIDIA Corporation
OK    2026-10-05  6303 檔，第一名 NVDA NVIDIA Corporation
OK    2026-10-02  6286 檔，第一名 NVDA NVIDIA Corporation
OK    2026-10-01  6267 檔，第一名 MU Micron Technology Inc.
OK    2026-09-30  6264 檔，第一名 MU Micron Technology Inc.
OK    2026-09-29  6270 檔，第一名 NVDA NVIDIA Corporation
OK    2026-09-28  6242 檔，第一名 NVDA NVIDIA Corporation
OK    2026-09-25  6247 檔，第一名 MU Micron Technology Inc.
OK    2026-09-24  6267 檔，第一名 META Meta Platforms Inc.
OK    2026-09-23  6267 檔，第一名 MU Micron Technology Inc.
OK    2026-09-22  6257 檔，第一名 MU Micron Technology Inc.
OK    2026-09-21  6281 檔，第一名 META Meta Platforms Inc.
OK    2026-09-18  6246 檔，第一名 SPCX Space Exploration Technologies Corp.
OK    2026-09-17  6249 檔，第一名 MU Micron Technology Inc.
OK    2026-09-16  6223 檔，第一名 NVDA NVIDIA Corporation
OK    2026-09-15  6255 檔，第一名 MU Micron Technology Inc.
OK    2026-09-14  6261 檔，第一名 NVDA NVIDIA Corporation
OK    2026-09-11  6200 檔，第一名 MU Micron Technology Inc.
OK    2026-09-10  6257 檔，第一名 MU Micron Technology Inc.
OK    2026-09-09  6220 檔，第一名 MU Micron Technology Inc.
OK    2026-09-08  6246 檔，第一名 NVDA NVIDIA Corporation
OK    2026-09-04  6223 檔，第一名 MU Micron Technology Inc.
OK    2026-09-03  6204 檔，第一名 NVDA NVIDIA Corporation
OK    2026-09-02  6230 檔，第一名 NVDA NVIDIA Corporation
OK    2026-09-01  6218 檔，第一名 MU Micron Technology Inc.
OK    2026-08-31  6261 檔，第一名 SNDK Sandisk Corporation
OK    2026-08-28  6218 檔，第一名 NVDA NVIDIA Corporation
OK    2026-08-27  6225 檔，第一名 NVDA NVIDIA Corporation
OK    2026-08-26  6194 檔，第一名 NVDA NVIDIA Corporation
OK    2026-08-25  6234 檔，第一名 NVDA NVIDIA Corporation
OK    2026-08-24  6196 檔，第一名 NVDA NVIDIA Corporation
OK    2026-08-21  6227 檔，第一名 TSLA Tesla Inc.
OK    2026-08-20  6160 檔，第一名 MU Micron Technology Inc.
OK    2026-08-19  6212 檔，第一名 MRNA Moderna Inc.
OK    2026-08-18  6164 檔，第一名 MU Micron Technology Inc.
OK    2026-08-17  6213 檔，第一名 MU Micron Technology Inc.
OK    2026-08-14  6139 檔，第一名 SNDK Sandisk Corporation
OK    2026-08-13  6163 檔，第一名 MU Micron Technology Inc.
OK    2026-08-12  6130 檔，第一名 MU Micron Technology Inc.
OK    2026-08-11  6127 檔，第一名 MU Micron Technology Inc.
OK    2026-08-10  6144 檔，第一名 NVDA NVIDIA Corporation
OK    2026-08-07  6133 檔，第一名 SPCX Space Exploration Technologies Corp.
OK    2026-08-06  6127 檔，第一名 MU Micron Technology Inc.
OK    2026-08-05  6117 檔，第一名 NVDA NVIDIA Corporation
OK    2026-08-04  6168 檔，第一名 MU Micron Technology Inc.
OK    2026-08-03  6130 檔，第一名 MU Micron Technology Inc.
OK    2026-07-31  6143 檔，第一名 MU Micron Technology Inc.
OK    2026-07-30  6156 檔，第一名 MU Micron Technology Inc.
OK    2026-07-29  6168 檔，第一名 MU Micron Technology Inc.
OK    2026-07-28  6173 檔，第一名 MU Micron Technology Inc.
OK    2026-07-27  6127 檔，第一名 MU Micron Technology Inc.
OK    2026-07-24  6108 檔，第一名 MU Micron Technology Inc.
OK    2026-07-23  6108 檔，第一名 MU Micron Technology Inc.
OK    2026-07-22  6113 檔，第一名 MU Micron Technology Inc.
OK    2026-07-21  6149 檔，第一名 MU Micron Technology Inc.
OK    2026-07-20  6090 檔，第一名 MU Micron Technology Inc.
OK    2026-07-17  6107 檔，第一名 MU Micron Technology Inc.
OK    2026-07-16  6137 檔，第一名 MU Micron Technology Inc.
OK    2026-07-15  6114 檔，第一名 MU Micron Technology Inc.
OK    2026-07-14  6111 檔，第一名 MU Micron Technology Inc.
美股回補完成：共 60 天（2026-07-14 到 2026-10-06）
